// Jest Snapshot v1, https://goo.gl/fbAQLP

exports[`ContentLoader should renders correctly 1`] = `
<div
  className="contentLoader"
>
  <ContentLoader
    height={500}
    primaryColor="#f3f3f3"
    secondaryColor="#ecebeb"
    speed={2}
    width={400}
  >
    <rect
      height="15.6468"
      rx="4"
      ry="4"
      width="80"
      x="160"
      y="12"
    />
    <rect
      height="112.7321"
      rx="4"
      ry="4"
      width="399.5904"
      x="0"
      y="41.05"
    />
    <rect
      height="126.9"
      rx="4"
      ry="4"
      width="299"
      x="49"
      y="163.05"
    />
  </ContentLoader>
</div>
`;
