// Jest Snapshot v1, https://goo.gl/fbAQLP

exports[`ContentLoader should renders correctly 1`] = `
<div
  className="contentLoader"
>
  <ContentLoader
    height={400}
    primaryColor="#f3f3f3"
    secondaryColor="#ecebeb"
    speed={2}
    width={400}
  >
    <rect
      height="30.68"
      rx="4"
      ry="4"
      width="210"
      x="93"
      y="24"
    />
    <rect
      height="304"
      rx="4"
      ry="4"
      width="400"
      x="0"
      y="76.05"
    />
  </ContentLoader>
</div>
`;
